// Jest Snapshot v1, https://goo.gl/fbAQLP

exports[`<App /> should match snapshot 1`] = `
<div
  className="App"
>
  <div>
    <div
      className="ui inverted stackable top fixed menu"
    >
      <div
        className="item"
        onClick={[Function]}
      >
        <a
          href="/"
          onClick={[Function]}
        >
          Home
        </a>
      </div>
      <div
        className="item"
        onClick={[Function]}
      >
        <a
          href="/firstAPI"
          onClick={[Function]}
        >
          FirstAPI
        </a>
      </div>
      <div
        className="item"
        onClick={[Function]}
      >
        <a
          href="/newAPI"
          onClick={[Function]}
        >
          SecondAPI
        </a>
      </div>
    </div>
    <div
      className="page"
    >
      <h1>
        Welcome to the NASA API Page
      </h1>
      <img
        alt="nasa logo"
        src="https://api.nasa.gov/images/logo.png"
      />
    </div>
  </div>
</div>
`;

exports[`<NewAPI /> should match snapshot 1`] = `
<div>
  <h3>
    Second API
  </h3>
  <button
    className="ui button"
    onBlur={[Function]}
    onClick={[Function]}
    onFocus={[Function]}
    onMouseEnter={[Function]}
    onMouseLeave={[Function]}
  >
    Click here for more info
  </button>
</div>
`;
